Duo e Simon querem ficar juntos na SJr!!
Duo e Simon querem ficar juntos na SJr!!
O Simon esta feliz com a SJr!
O Simon esta feliz com a SJr!
O Simon esta feliz com a SJr!
O Simon esta feliz com a SJr!
O Duo esta feliz com a SJr!
O Duo esta feliz com a SJr!
O Duo esta feliz com a SJr!
O Simon esta feliz com a SJr!
O Simon esta feliz com a SJr!
O Duo esta feliz com a SJr!
O Duo esta feliz com a SJr!
O Duo esta feliz com a SJr!
O Duo esta feliz com a SJr!
O Duo esta feliz com a SJr!
O Duo esta feliz com a SJr!
O Duo esta feliz com a SJr!
O Duo esta feliz com a SJr!
O Duo esta feliz com a SJr!
Fala, Coruja!
Fala, Coruja!
Fala, Coruja!
Fala, Coruja!
Fala, Coruja!
Fala, Coruja!
Fala, Coruja!
Fala, Coruja!
O Simon esta feliz com a SJr!
O Simon esta feliz com a SJr!
O Duo esta feliz com a SJr!
O Duo esta feliz com a SJr!
O Duo esta feliz com a SJr!
O Duo esta feliz com a SJr!
O Duo esta feliz com a SJr!
O Duo esta feliz com a SJr!
O Duo esta feliz com a SJr!
O Duo esta feliz com a SJr!
Fala, Coruja!
Fala, Coruja!
Fala, Coruja!
Fala, Coruja!
O Duo esta feliz com a SJr!
O Duo esta feliz com a SJr!
O Duo esta feliz com a SJr!
O Duo esta feliz com a SJr!
O Duo esta feliz com a SJr!
O Duo esta feliz com a SJr!
O Duo esta feliz com a SJr!
O Duo esta feliz com a SJr!
O Duo esta feliz com a SJr!
O Duo esta feliz com a SJr!
O Duo esta feliz com a SJr!
O Duo esta feliz com a SJr!
O Duo esta feliz com a SJr!
O Duo esta feliz com a SJr!
Fala, Coruja!
Fala, Coruja!
O Duo esta feliz com a SJr!
O Duo esta feliz com a SJr!
O Duo esta feliz com a SJr!
O Duo esta feliz com a SJr!
O Duo esta feliz com a SJr!
O Duo esta feliz com a SJr!
O Duo esta feliz com a SJr!
O Duo esta feliz com a SJr!
O Duo esta feliz com a SJr!
O Duo esta feliz com a SJr!
O Duo esta feliz com a SJr!
O Duo esta feliz com a SJr!
O Duo esta feliz com a SJr!
O Duo esta feliz com a SJr!
Fala, Coruja!
Fala, Coruja!
O Duo esta feliz com a SJr!
O Duo esta feliz com a SJr!
O Duo esta feliz com a SJr!
O Duo esta feliz com a SJr!
O Duo esta feliz com a SJr!
O Duo esta feliz com a SJr!
O Duo esta feliz com a SJr!
O Duo esta feliz com a SJr!
O Duo esta feliz com a SJr!
O Duo esta feliz com a SJr!
O Duo esta feliz com a SJr!
O Duo esta feliz com a SJr!
O Duo esta feliz com a SJr!
O Duo esta feliz com a SJr!
Fala, Coruja!
Fala, Coruja!
O Duo esta feliz com a SJr!
O Duo esta feliz com a SJr!
O Duo esta feliz com a SJr!
O Duo esta feliz com a SJr!
O Duo esta feliz com a SJr!
O Duo esta feliz com a SJr!
O Duo esta feliz com a SJr!
O Duo esta feliz com a SJr!
O Duo esta feliz com a SJr!
O Duo esta feliz com a SJr!